
> app-mobile@0.0.0 build
> tsc -b && vite build

src/components/Layout.tsx(27,10): error TS6133: 'clientName' is declared but its value is never read.
src/pages/Clients.tsx(52,10): error TS6133: 'copiedCode' is declared but its value is never read.
src/pages/Clients.tsx(383,9): error TS6133: 'handleCopyUrl' is declared but its value is never read.
src/pages/Clients.tsx(963,31): error TS6133: 'p1' is declared but its value is never read.
